// Jest Snapshot v1, https://goo.gl/fbAQLP

exports[`Launch Component renders correctly 1`] = `
<View
  behavior="padding"
  enabled={true}
  style={
    Object {
      "alignItems": "center",
      "backgroundColor": "white",
      "flex": 1,
      "justifyContent": "center",
      "paddingBottom": 60,
    }
  }
>
  <Text
    style={
      Object {
        "color": "#151B54",
        "fontSize": 50,
        "fontWeight": "bold",
        "marginBottom": 50,
      }
    }
  >
    WELCOME
  </Text>
  <Image
    source={
      Object {
        "testUri": "../../../assets/shipm8_logo.png",
      }
    }
    style={
      Object {
        "alignContent": "center",
        "alignItems": "center",
        "borderColor": "#151B54",
        "borderWidth": 3,
        "height": 315,
        "marginBottom": 25,
        "width": 315,
      }
    }
  />
  <View>
    <Text
      style={
        Object {
          "alignContent": "center",
          "alignItems": "center",
          "color": "#151B54",
          "fontSize": 18,
          "fontWeight": "bold",
          "justifyContent": "center",
          "marginTop": 5,
          "textAlign": "center",
        }
      }
    >
      Monitor Your K8s Clusters Anywhere!
    </Text>
    <View
      style={
        Object {
          "alignItems": "center",
          "justifyContent": "center",
          "paddingVertical": 25,
        }
      }
    />
    <View
      style={
        Object {
          "paddingTop": 5,
        }
      }
    >
      <View
        accessible={true}
        focusable={true}
        isTVSelectable={true}
        onClick={[Function]}
        onResponderGrant={[Function]}
        onResponderMove={[Function]}
        onResponderRelease={[Function]}
        onResponderTerminate={[Function]}
        onResponderTerminationRequest={[Function]}
        onStartShouldSetResponder={[Function]}
        style={
          Object {
            "backgroundColor": "#1589FF",
            "borderRadius": 5,
            "marginTop": 10,
            "opacity": 1,
            "paddingVertical": 15,
          }
        }
      >
        <Text
          style={
            Object {
              "color": "white",
              "fontSize": 16,
              "fontWeight": "700",
              "textAlign": "center",
            }
          }
        >
          Get Started
        </Text>
      </View>
    </View>
  </View>
</View>
`;
